Microchip MPLAB XC8 Compiler V2.32

Linker command line:

-W-3 --edf=C:\Program Files\Microchip\xc8\v2.32\pic\dat\en_msgs.txt -cn \
  -h+dist/default/production\Dispensador_de_Cocteles.X.production.sym \
  --cmf=dist/default/production\Dispensador_de_Cocteles.X.production.cmf -z \
  -Q16F15244 -oC:\Users\FAMILI~1\AppData\Local\Temp\xcAs8ms.4 \
  --defsym=__MPLAB_BUILD=1 \
  -Mdist/default/production/Dispensador_de_Cocteles.X.production.map -E1 \
  -ver=XC8 Compiler --acfsm=1493 -ASTACK=02070h-021EFh -pstack=STACK \
  -ACODE=00h-07FFhx2 -ASTRCODE=00h-0FFFh -ASTRING=00h-0FFhx16 \
  -ACONST=00h-0FFhx16 -AENTRY=00h-0FFhx16 -ACOMMON=070h-07Fh \
  -ABANK0=020h-06Fh -ABANK1=0A0h-0EFh -ABANK2=0120h-016Fh \
  -ABANK3=01A0h-01EFh -ABANK4=0220h-026Fh -ABANK5=02A0h-02EFh \
  -ABANK6=0320h-032Fh -ABIGRAM=02000h-021EFh \
  -ARAM=020h-06Fh,0A0h-0EFh,0120h-016Fh,01A0h-01EFh,0220h-026Fh,02A0h-02EFh,0320h-032Fh \
  -AABS1=020h-07Fh,0A0h-0EFh,0120h-016Fh,01A0h-01EFh,0220h-026Fh,02A0h-02EFh,0320h-032Fh \
  -ASFR0=00h-01Fh -ASFR1=080h-09Fh -ASFR2=0100h-011Fh -ASFR3=0180h-019Fh \
  -ASFR4=0200h-021Fh -ASFR5=0280h-029Fh -ASFR6=0300h-031Fh \
  -ASFR7=0380h-03EFh -ASFR8=0400h-046Fh -ASFR9=0480h-04EFh \
  -ASFR10=0500h-056Fh -ASFR11=0580h-05EFh -ASFR12=0600h-066Fh \
  -ASFR13=0680h-06EFh -ASFR14=0700h-076Fh -ASFR15=0780h-07EFh \
  -ASFR16=0800h-086Fh -ASFR17=0880h-08EFh -ASFR18=0900h-096Fh \
  -ASFR19=0980h-09EFh -ASFR20=0A00h-0A6Fh -ASFR21=0A80h-0AEFh \
  -ASFR22=0B00h-0B6Fh -ASFR23=0B80h-0BEFh -ASFR24=0C00h-0C6Fh \
  -ASFR25=0C80h-0CEFh -ASFR26=0D00h-0D6Fh -ASFR27=0D80h-0DEFh \
  -ASFR28=0E00h-0E6Fh -ASFR29=0E80h-0EEFh -ASFR30=0F00h-0F6Fh \
  -ASFR31=0F80h-0FEFh -ASFR32=01000h-0106Fh -ASFR33=01080h-010EFh \
  -ASFR34=01100h-0116Fh -ASFR35=01180h-011EFh -ASFR36=01200h-0126Fh \
  -ASFR37=01280h-012EFh -ASFR38=01300h-0136Fh -ASFR39=01380h-013EFh \
  -ASFR40=01400h-0146Fh -ASFR41=01480h-014EFh -ASFR42=01500h-0156Fh \
  -ASFR43=01580h-015EFh -ASFR44=01600h-0166Fh -ASFR45=01680h-016EFh \
  -ASFR46=01700h-0176Fh -ASFR47=01780h-017EFh -ASFR48=01800h-0186Fh \
  -ASFR49=01880h-018EFh -ASFR50=01900h-0196Fh -ASFR51=01980h-019EFh \
  -ASFR52=01A00h-01A6Fh -ASFR53=01A80h-01AEFh -ASFR54=01B00h-01B6Fh \
  -ASFR55=01B80h-01BEFh -ASFR56=01C00h-01C6Fh -ASFR57=01C80h-01CEFh \
  -ASFR58=01D00h-01D6Fh -ASFR59=01D80h-01DEFh -ASFR60=01E00h-01E6Fh \
  -ASFR61=01E80h-01EEFh -ASFR62=01F00h-01F6Fh -ASFR63=01F80h-01FEFh \
  -ACONFIG=08007h-0800Bh -DCONFIG=2 -AIDLOC=08000h-08003h -DIDLOC=2 \
  -DCODE=2 -DSTRCODE=2 -DSTRING=2 -DCONST=2 -DENTRY=2 \
  -preset_vec=00h,intentry,init,end_init -ppowerup=CODE -pcinit=CODE \
  -pfunctab=ENTRY -k C:\Users\FAMILI~1\AppData\Local\Temp\xcAs8ms.o \
  dist/default/production\Dispensador_de_Cocteles.X.production.o 

Object code version is 3.11

Machine type is 16F15244



                Name                               Link     Load   Length Selector   Space Scale
C:\Users\FAMILI~1\AppData\Local\Temp\xcAs8ms.o
                end_init                              2        2        2        0       0
                reset_vec                             0        0        2        0       0
                config                             8007     8007        5        0       4
dist/default/production\Dispensador_de_Cocteles.X.production.o
                cinit                               7ED      7ED       13      FDA       0
                config                             8007     8007        5        0       4
                text21                              31F      31F       92      63E       0
                text20                              293      293       8C      526       0
                text19                              DFD      DFD        5     1BFA       0
                text18                                6        6       17        C       0
                text17                              3B1      3B1       93      762       0
                text16                              E53      E53       49     1CA6       0
                text15                              6E1      6E1      10C      DC2       0
                text14                              50B      50B       DE      A16       0
                text13                                5        5        1        A       0
                text12                              E9C      E9C       4F     1D38       0
                text11                               1D       1D       7A       3A       0
                text10                              E2B      E2B       28     1C56       0
                text9                               E08      E08       23     1C10       0
                text8                                97       97       7F      12E       0
                text7                               5E9      5E9       F8      BD2       0
                text6                               116      116       7F      22C       0
                text5                               195      195       7F      32A       0
                text4                               214      214       7F      428       0
                text3                               F9C      F9C       64     1F38       0
                text2                               F3E      F3E       5E     1E7C       0
                text1                               444      444       C7      888       0
                maintext                            EEB      EEB       53     1DD6       0
                cstackBANK0                          3C       3C       16       20       1
                cstackCOMMON                         70       70        E       70       1
                clrtext                             E02      E02        6     1C04       0
                bssBANK1                             A0       A0       20       A0       1
                bssBANK0                             20       20       1C       20       1
                stringtext15                        8D5      8D5        5     1000       0
                stringtext14                        8CD      8CD        8     1000       0
                stringtext13                        8C4      8C4        9     1000       0
                stringtext12                        8B9      8B9        B     1000       0
                stringtext11                        8AC      8AC        D     1000       0
                stringtext10                        89E      89E        E     1000       0
                stringtext9                         88F      88F        F     1000       0
                stringtext8                         880      880        F     1000       0
                stringtext7                         870      870       10     1000       0
                stringtext6                         85F      85F       11     1000       0
                stringtext5                         84E      84E       11     1000       0
                stringtext4                         83C      83C       12     1000       0
                stringtext3                         829      829       13     1000       0
                stringtext2                         815      815       14     1000       0
                stringtext1                         800      800       15     1000       0

TOTAL           Name                               Link     Load   Length     Space
        CLASS   STACK          

        CLASS   CODE           
                end_init                              2        2        2         0
                cinit                               7ED      7ED       13         0
                reset_vec                             0        0        2         0
                text21                              31F      31F       92         0
                text20                              293      293       8C         0
                text19                              DFD      DFD        5         0
                text18                                6        6       17         0
                text17                              3B1      3B1       93         0
                text16                              E53      E53       49         0
                text15                              6E1      6E1      10C         0
                text14                              50B      50B       DE         0
                text13                                5        5        1         0
                text12                              E9C      E9C       4F         0
                text11                               1D       1D       7A         0
                text10                              E2B      E2B       28         0
                text9                               E08      E08       23         0
                text8                                97       97       7F         0
                text7                               5E9      5E9       F8         0
                text6                               116      116       7F         0
                text5                               195      195       7F         0
                text4                               214      214       7F         0
                text3                               F9C      F9C       64         0
                text2                               F3E      F3E       5E         0
                text1                               444      444       C7         0
                maintext                            EEB      EEB       53         0
                clrtext                             E02      E02        6         0

        CLASS   STRCODE        
                stringtext15                        8D5      8D5        5         0
                stringtext14                        8CD      8CD        8         0
                stringtext13                        8C4      8C4        9         0
                stringtext12                        8B9      8B9        B         0
                stringtext11                        8AC      8AC        D         0
                stringtext10                        89E      89E        E         0
                stringtext9                         88F      88F        F         0
                stringtext8                         880      880        F         0
                stringtext7                         870      870       10         0
                stringtext6                         85F      85F       11         0
                stringtext5                         84E      84E       11         0
                stringtext4                         83C      83C       12         0
                stringtext3                         829      829       13         0
                stringtext2                         815      815       14         0
                stringtext1                         800      800       15         0

        CLASS   STRING         

        CLASS   CONST          

        CLASS   ENTRY          

        CLASS   COMMON         
                cstackCOMMON                         70       70        E         1

        CLASS   BANK0          
                cstackBANK0                          3C       3C       16         1
                bssBANK0                             20       20       1C         1

        CLASS   BANK1          
                bssBANK1                             A0       A0       20         1

        CLASS   BANK2          

        CLASS   BANK3          

        CLASS   BANK4          

        CLASS   BANK5          

        CLASS   BANK6          

        CLASS   BIGRAM         

        CLASS   RAM            

        CLASS   ABS1           
                abs_s1                               7E       7E        2         1

        CLASS   SFR0           

        CLASS   SFR1           

        CLASS   SFR2           

        CLASS   SFR3           

        CLASS   SFR4           

        CLASS   SFR5           

        CLASS   SFR6           

        CLASS   SFR7           

        CLASS   SFR8           

        CLASS   SFR9           

        CLASS   SFR10          

        CLASS   SFR11          

        CLASS   SFR12          

        CLASS   SFR13          

        CLASS   SFR14          

        CLASS   SFR15          

        CLASS   SFR16          

        CLASS   SFR17          

        CLASS   SFR18          

        CLASS   SFR19          

        CLASS   SFR20          

        CLASS   SFR21          

        CLASS   SFR22          

        CLASS   SFR23          

        CLASS   SFR24          

        CLASS   SFR25          

        CLASS   SFR26          

        CLASS   SFR27          

        CLASS   SFR28          

        CLASS   SFR29          

        CLASS   SFR30          

        CLASS   SFR31          

        CLASS   SFR32          

        CLASS   SFR33          

        CLASS   SFR34          

        CLASS   SFR35          

        CLASS   SFR36          

        CLASS   SFR37          

        CLASS   SFR38          

        CLASS   SFR39          

        CLASS   SFR40          

        CLASS   SFR41          

        CLASS   SFR42          

        CLASS   SFR43          

        CLASS   SFR44          

        CLASS   SFR45          

        CLASS   SFR46          

        CLASS   SFR47          

        CLASS   SFR48          

        CLASS   SFR49          

        CLASS   SFR50          

        CLASS   SFR51          

        CLASS   SFR52          

        CLASS   SFR53          

        CLASS   SFR54          

        CLASS   SFR55          

        CLASS   SFR56          

        CLASS   SFR57          

        CLASS   SFR58          

        CLASS   SFR59          

        CLASS   SFR60          

        CLASS   SFR61          

        CLASS   SFR62          

        CLASS   SFR63          

        CLASS   CONFIG         
                config                             8007     8007        5         4

        CLASS   IDLOC          

        CLASS   BANK63         

        CLASS   BANK62         

        CLASS   BANK61         

        CLASS   BANK60         

        CLASS   BANK59         

        CLASS   BANK58         

        CLASS   BANK57         

        CLASS   BANK56         

        CLASS   BANK55         

        CLASS   BANK54         

        CLASS   BANK53         

        CLASS   BANK52         

        CLASS   BANK51         

        CLASS   BANK50         

        CLASS   BANK49         

        CLASS   BANK48         

        CLASS   BANK47         

        CLASS   BANK46         

        CLASS   BANK45         

        CLASS   BANK44         

        CLASS   BANK43         

        CLASS   BANK42         

        CLASS   BANK41         

        CLASS   BANK40         

        CLASS   BANK39         

        CLASS   BANK38         

        CLASS   BANK37         

        CLASS   BANK36         

        CLASS   BANK35         

        CLASS   BANK34         

        CLASS   BANK33         

        CLASS   BANK32         

        CLASS   BANK31         

        CLASS   BANK30         

        CLASS   BANK29         

        CLASS   BANK28         

        CLASS   BANK27         

        CLASS   BANK26         

        CLASS   BANK25         

        CLASS   BANK24         

        CLASS   BANK23         

        CLASS   BANK22         

        CLASS   BANK21         

        CLASS   BANK20         

        CLASS   BANK19         

        CLASS   BANK18         

        CLASS   BANK17         

        CLASS   BANK16         

        CLASS   BANK15         

        CLASS   BANK14         

        CLASS   BANK13         

        CLASS   BANK12         

        CLASS   BANK11         

        CLASS   BANK10         

        CLASS   BANK9          

        CLASS   BANK8          

        CLASS   BANK7          

        CLASS   EEDATA         



SEGMENTS        Name                           Load    Length   Top    Selector   Space  Class     Delta

                reset_vec                      000000  000004  000004         0       0  CODE        2
                text13                         000005  000001  000006         A       0  CODE        2
                text18                         000006  000017  00001D         C       0  CODE        2
                bssBANK0                       000020  000032  000052        20       1  BANK0       1
                text11                         00001D  00007A  000097        3A       0  CODE        2
                cstackCOMMON                   000070  00000E  00007E        70       1  COMMON      1
                bssBANK1                       0000A0  000020  0000C0        A0       1  BANK1       1
                text8                          000097  00007F  000116       12E       0  CODE        2
                text6                          000116  00007F  000195       22C       0  CODE        2
                text5                          000195  00007F  000214       32A       0  CODE        2
                text4                          000214  00007F  000293       428       0  CODE        2
                text20                         000293  00008C  00031F       526       0  CODE        2
                text21                         00031F  000092  0003B1       63E       0  CODE        2
                text17                         0003B1  000093  000444       762       0  CODE        2
                text1                          000444  0000C7  00050B       888       0  CODE        2
                text14                         00050B  0000DE  0005E9       A16       0  CODE        2
                text7                          0005E9  0000F8  0006E1       BD2       0  CODE        2
                text15                         0006E1  00010C  0007ED       DC2       0  CODE        2
                cinit                          0007ED  000013  000800       FDA       0  CODE        2
                stringtext1                    000800  0000DA  0008DA      1000       0  STRCODE     2
                text19                         000DFD  000005  000E02      1BFA       0  CODE        2
                clrtext                        000E02  000006  000E08      1C04       0  CODE        2
                text9                          000E08  000023  000E2B      1C10       0  CODE        2
                text10                         000E2B  000028  000E53      1C56       0  CODE        2
                text16                         000E53  000049  000E9C      1CA6       0  CODE        2
                text12                         000E9C  00004F  000EEB      1D38       0  CODE        2
                maintext                       000EEB  000053  000F3E      1DD6       0  CODE        2
                text2                          000F3E  00005E  000F9C      1E7C       0  CODE        2
                text3                          000F9C  000064  001000      1F38       0  CODE        2


UNUSED ADDRESS RANGES

        Name                Unused          Largest block    Delta
        BANK0            00052-0006F              1E           1
        BANK1            000C0-000EF              30           1
        BANK2            00120-0016F              50           1
        BANK3            001A0-001EF              50           1
        BANK4            00220-0026F              50           1
        BANK5            002A0-002EF              50           1
        BANK6            00320-0032F              10           1
        BIGRAM           02000-021EF             1F0           1
        CODE             00004-00004               1           2
                         008DA-00DFC             523
        CONST            00004-00004               1           2
                         008DA-00DFC             100
        ENTRY            00004-00004               1           2
                         008DA-00DFC             100
        IDLOC            08000-08003               4           2
        RAM              00052-0006F              1E           1
                         000C0-000EF              30
                         00120-0016F              50
                         001A0-001EF              50
                         00220-0026F              50
                         002A0-002EF              50
                         00320-0032F              10
        SFR0             00000-0001F              20           1
        SFR1             00080-0009F              20           1
        SFR10            00500-0056F              70           1
        SFR11            00580-005EF              70           1
        SFR12            00600-0066F              70           1
        SFR13            00680-006EF              70           1
        SFR14            00700-0076F              70           1
        SFR15            00780-007EF              70           1
        SFR16            00800-0086F              70           1
        SFR17            00880-008EF              70           1
        SFR18            00900-0096F              70           1
        SFR19            00980-009EF              70           1
        SFR2             00100-0011F              20           1
        SFR20            00A00-00A6F              70           1
        SFR21            00A80-00AEF              70           1
        SFR22            00B00-00B6F              70           1
        SFR23            00B80-00BEF              70           1
        SFR24            00C00-00C6F              70           1
        SFR25            00C80-00CEF              70           1
        SFR26            00D00-00D6F              70           1
        SFR27            00D80-00DEF              70           1
        SFR28            00E00-00E6F              70           1
        SFR29            00E80-00EEF              70           1
        SFR3             00180-0019F              20           1
        SFR30            00F00-00F6F              70           1
        SFR31            00F80-00FEF              70           1
        SFR32            01000-0106F              70           1
        SFR33            01080-010EF              70           1
        SFR34            01100-0116F              70           1
        SFR35            01180-011EF              70           1
        SFR36            01200-0126F              70           1
        SFR37            01280-012EF              70           1
        SFR38            01300-0136F              70           1
        SFR39            01380-013EF              70           1
        SFR4             00200-0021F              20           1
        SFR40            01400-0146F              70           1
        SFR41            01480-014EF              70           1
        SFR42            01500-0156F              70           1
        SFR43            01580-015EF              70           1
        SFR44            01600-0166F              70           1
        SFR45            01680-016EF              70           1
        SFR46            01700-0176F              70           1
        SFR47            01780-017EF              70           1
        SFR48            01800-0186F              70           1
        SFR49            01880-018EF              70           1
        SFR5             00280-0029F              20           1
        SFR50            01900-0196F              70           1
        SFR51            01980-019EF              70           1
        SFR52            01A00-01A6F              70           1
        SFR53            01A80-01AEF              70           1
        SFR54            01B00-01B6F              70           1
        SFR55            01B80-01BEF              70           1
        SFR56            01C00-01C6F              70           1
        SFR57            01C80-01CEF              70           1
        SFR58            01D00-01D6F              70           1
        SFR59            01D80-01DEF              70           1
        SFR6             00300-0031F              20           1
        SFR60            01E00-01E6F              70           1
        SFR61            01E80-01EEF              70           1
        SFR62            01F00-01F6F              70           1
        SFR63            01F80-01FEF              70           1
        SFR7             00380-003EF              70           1
        SFR8             00400-0046F              70           1
        SFR9             00480-004EF              70           1
        STACK            02070-021EF             180           1
        STRCODE          00004-00004               1           2
                         008DA-00DFC             523
        STRING           00004-00004               1           2
                         008DA-00DFC             100

                                  Symbol Table

?_sprintf                        cstackBANK0  00046
?_vfpfcnvrt                      cstackCOMMON 00078
?_vfprintf                       cstackCOMMON 0007B
Lcd_Chr_CP@data                  cstackCOMMON 00072
Lcd_Cmd@data                     cstackCOMMON 00072
Lcd_Init@data                    cstackCOMMON 00074
Lcd_Out2@buffer                  cstackCOMMON 00074
Lcd_Out2@data                    cstackCOMMON 00078
Lcd_Out2@x                       cstackCOMMON 00073
Lcd_Out2@y                       cstackCOMMON 00077
_ANSELA                          (abs)        01F38
_ANSELC                          (abs)        01F4E
_INLVLA                          (abs)        01F3C
_INLVLC                          (abs)        01F52
_LATA                            (abs)        00018
_LATAbits                        (abs)        00018
_LATB                            (abs)        00019
_LATBbits                        (abs)        00019
_LATC                            (abs)        0001A
_Lcd_Chr_CP                      text17       003B1
_Lcd_Cmd                         text21       0031F
_Lcd_Init                        text20       00293
_Lcd_Out2                        text16       00E53
_ODCONA                          (abs)        01F3A
_ODCONC                          (abs)        01F50
_OSCEN                           (abs)        00891
_OSCFRQ                          (abs)        00893
_OSCILLATOR_Initialize           text19       00DFD
_OSCTUNE                         (abs)        00892
_PIN_MANAGER_Initialize          text18       00006
_PORTBbits                       (abs)        0000D
_PORTCbits                       (abs)        0000E
_SLRCONA                         (abs)        01F3B
_SLRCONC                         (abs)        01F51
_TRISA                           (abs)        00012
_TRISB                           (abs)        00013
_TRISBbits                       (abs)        00013
_TRISC                           (abs)        00014
_TRISCbits                       (abs)        00014
__Habs1                          abs1         00000
__Hbank0                         bank0        00000
__Hbank1                         bank1        00000
__Hbank10                        bank10       00000
__Hbank11                        bank11       00000
__Hbank12                        bank12       00000
__Hbank13                        bank13       00000
__Hbank14                        bank14       00000
__Hbank15                        bank15       00000
__Hbank16                        bank16       00000
__Hbank17                        bank17       00000
__Hbank18                        bank18       00000
__Hbank19                        bank19       00000
__Hbank2                         bank2        00000
__Hbank20                        bank20       00000
__Hbank21                        bank21       00000
__Hbank22                        bank22       00000
__Hbank23                        bank23       00000
__Hbank24                        bank24       00000
__Hbank25                        bank25       00000
__Hbank26                        bank26       00000
__Hbank27                        bank27       00000
__Hbank28                        bank28       00000
__Hbank29                        bank29       00000
__Hbank3                         bank3        00000
__Hbank30                        bank30       00000
__Hbank31                        bank31       00000
__Hbank32                        bank32       00000
__Hbank33                        bank33       00000
__Hbank34                        bank34       00000
__Hbank35                        bank35       00000
__Hbank36                        bank36       00000
__Hbank37                        bank37       00000
__Hbank38                        bank38       00000
__Hbank39                        bank39       00000
__Hbank4                         bank4        00000
__Hbank40                        bank40       00000
__Hbank41                        bank41       00000
__Hbank42                        bank42       00000
__Hbank43                        bank43       00000
__Hbank44                        bank44       00000
__Hbank45                        bank45       00000
__Hbank46                        bank46       00000
__Hbank47                        bank47       00000
__Hbank48                        bank48       00000
__Hbank49                        bank49       00000
__Hbank5                         bank5        00000
__Hbank50                        bank50       00000
__Hbank51                        bank51       00000
__Hbank52                        bank52       00000
__Hbank53                        bank53       00000
__Hbank54                        bank54       00000
__Hbank55                        bank55       00000
__Hbank56                        bank56       00000
__Hbank57                        bank57       00000
__Hbank58                        bank58       00000
__Hbank59                        bank59       00000
__Hbank6                         bank6        00000
__Hbank60                        bank60       00000
__Hbank61                        bank61       00000
__Hbank62                        bank62       00000
__Hbank63                        bank63       00000
__Hbank7                         bank7        00000
__Hbank8                         bank8        00000
__Hbank9                         bank9        00000
__Hbigram                        bigram       00000
__HbssBANK0                      bssBANK0     00000
__HbssBANK1                      bssBANK1     00000
__Hcinit                         cinit        00800
__Hclrtext                       clrtext      00000
__Hcode                          code         00000
__Hcommon                        common       00000
__Hconfig                        config       0800C
__HcstackBANK0                   cstackBANK0  00000
__HcstackCOMMON                  cstackCOMMON 00000
__Heeprom_data                   eeprom_data  00000
__Hend_init                      end_init     00004
__Hfunctab                       functab      00000
__Hinit                          init         00002
__Hintentry                      intentry     00002
__Hmaintext                      maintext     00000
__Hpowerup                       powerup      00000
__Hram                           ram          00000
__Hreset_vec                     reset_vec    00002
__Hsfr0                          sfr0         00000
__Hsfr1                          sfr1         00000
__Hsfr10                         sfr10        00000
__Hsfr11                         sfr11        00000
__Hsfr12                         sfr12        00000
__Hsfr13                         sfr13        00000
__Hsfr14                         sfr14        00000
__Hsfr15                         sfr15        00000
__Hsfr16                         sfr16        00000
__Hsfr17                         sfr17        00000
__Hsfr18                         sfr18        00000
__Hsfr19                         sfr19        00000
__Hsfr2                          sfr2         00000
__Hsfr20                         sfr20        00000
__Hsfr21                         sfr21        00000
__Hsfr22                         sfr22        00000
__Hsfr23                         sfr23        00000
__Hsfr24                         sfr24        00000
__Hsfr25                         sfr25        00000
__Hsfr26                         sfr26        00000
__Hsfr27                         sfr27        00000
__Hsfr28                         sfr28        00000
__Hsfr29                         sfr29        00000
__Hsfr3                          sfr3         00000
__Hsfr30                         sfr30        00000
__Hsfr31                         sfr31        00000
__Hsfr32                         sfr32        00000
__Hsfr33                         sfr33        00000
__Hsfr34                         sfr34        00000
__Hsfr35                         sfr35        00000
__Hsfr36                         sfr36        00000
__Hsfr37                         sfr37        00000
__Hsfr38                         sfr38        00000
__Hsfr39                         sfr39        00000
__Hsfr4                          sfr4         00000
__Hsfr40                         sfr40        00000
__Hsfr41                         sfr41        00000
__Hsfr42                         sfr42        00000
__Hsfr43                         sfr43        00000
__Hsfr44                         sfr44        00000
__Hsfr45                         sfr45        00000
__Hsfr46                         sfr46        00000
__Hsfr47                         sfr47        00000
__Hsfr48                         sfr48        00000
__Hsfr49                         sfr49        00000
__Hsfr5                          sfr5         00000
__Hsfr50                         sfr50        00000
__Hsfr51                         sfr51        00000
__Hsfr52                         sfr52        00000
__Hsfr53                         sfr53        00000
__Hsfr54                         sfr54        00000
__Hsfr55                         sfr55        00000
__Hsfr56                         sfr56        00000
__Hsfr57                         sfr57        00000
__Hsfr58                         sfr58        00000
__Hsfr59                         sfr59        00000
__Hsfr6                          sfr6         00000
__Hsfr60                         sfr60        00000
__Hsfr61                         sfr61        00000
__Hsfr62                         sfr62        00000
__Hsfr63                         sfr63        00000
__Hsfr7                          sfr7         00000
__Hsfr8                          sfr8         00000
__Hsfr9                          sfr9         00000
__Hspace_0                       (abs)        01000
__Hspace_1                       (abs)        000C0
__Hspace_2                       (abs)        00000
__Hspace_3                       (abs)        00000
__Hspace_4                       (abs)        10013
__Hstack                         stack        00000
__Hstrings                       strings      00000
__Hstringtext1                   stringtext1  00000
__Hstringtext10                  stringtext10 00000
__Hstringtext11                  stringtext11 00000
__Hstringtext12                  stringtext12 00000
__Hstringtext13                  stringtext13 00000
__Hstringtext14                  stringtext14 00000
__Hstringtext15                  stringtext15 00000
__Hstringtext16                  stringtext16 00000
__Hstringtext2                   stringtext2  00000
__Hstringtext3                   stringtext3  00000
__Hstringtext4                   stringtext4  00000
__Hstringtext5                   stringtext5  00000
__Hstringtext6                   stringtext6  00000
__Hstringtext7                   stringtext7  00000
__Hstringtext8                   stringtext8  00000
__Hstringtext9                   stringtext9  00000
__Htext                          text         00000
__Labs1                          abs1         00000
__Lbank0                         bank0        00000
__Lbank1                         bank1        00000
__Lbank10                        bank10       00000
__Lbank11                        bank11       00000
__Lbank12                        bank12       00000
__Lbank13                        bank13       00000
__Lbank14                        bank14       00000
__Lbank15                        bank15       00000
__Lbank16                        bank16       00000
__Lbank17                        bank17       00000
__Lbank18                        bank18       00000
__Lbank19                        bank19       00000
__Lbank2                         bank2        00000
__Lbank20                        bank20       00000
__Lbank21                        bank21       00000
__Lbank22                        bank22       00000
__Lbank23                        bank23       00000
__Lbank24                        bank24       00000
__Lbank25                        bank25       00000
__Lbank26                        bank26       00000
__Lbank27                        bank27       00000
__Lbank28                        bank28       00000
__Lbank29                        bank29       00000
__Lbank3                         bank3        00000
__Lbank30                        bank30       00000
__Lbank31                        bank31       00000
__Lbank32                        bank32       00000
__Lbank33                        bank33       00000
__Lbank34                        bank34       00000
__Lbank35                        bank35       00000
__Lbank36                        bank36       00000
__Lbank37                        bank37       00000
__Lbank38                        bank38       00000
__Lbank39                        bank39       00000
__Lbank4                         bank4        00000
__Lbank40                        bank40       00000
__Lbank41                        bank41       00000
__Lbank42                        bank42       00000
__Lbank43                        bank43       00000
__Lbank44                        bank44       00000
__Lbank45                        bank45       00000
__Lbank46                        bank46       00000
__Lbank47                        bank47       00000
__Lbank48                        bank48       00000
__Lbank49                        bank49       00000
__Lbank5                         bank5        00000
__Lbank50                        bank50       00000
__Lbank51                        bank51       00000
__Lbank52                        bank52       00000
__Lbank53                        bank53       00000
__Lbank54                        bank54       00000
__Lbank55                        bank55       00000
__Lbank56                        bank56       00000
__Lbank57                        bank57       00000
__Lbank58                        bank58       00000
__Lbank59                        bank59       00000
__Lbank6                         bank6        00000
__Lbank60                        bank60       00000
__Lbank61                        bank61       00000
__Lbank62                        bank62       00000
__Lbank63                        bank63       00000
__Lbank7                         bank7        00000
__Lbank8                         bank8        00000
__Lbank9                         bank9        00000
__Lbigram                        bigram       00000
__LbssBANK0                      bssBANK0     00000
__LbssBANK1                      bssBANK1     00000
__Lcinit                         cinit        007ED
__Lclrtext                       clrtext      00000
__Lcode                          code         00000
__Lcommon                        common       00000
__Lconfig                        config       00000
__LcstackBANK0                   cstackBANK0  00000
__LcstackCOMMON                  cstackCOMMON 00000
__Leeprom_data                   eeprom_data  00000
__Lend_init                      end_init     00002
__Lfunctab                       functab      00000
__Linit                          init         00002
__Lintentry                      intentry     00002
__Lmaintext                      maintext     00000
__Lpowerup                       powerup      00000
__Lram                           ram          00000
__Lreset_vec                     reset_vec    00000
__Lsfr0                          sfr0         00000
__Lsfr1                          sfr1         00000
__Lsfr10                         sfr10        00000
__Lsfr11                         sfr11        00000
__Lsfr12                         sfr12        00000
__Lsfr13                         sfr13        00000
__Lsfr14                         sfr14        00000
__Lsfr15                         sfr15        00000
__Lsfr16                         sfr16        00000
__Lsfr17                         sfr17        00000
__Lsfr18                         sfr18        00000
__Lsfr19                         sfr19        00000
__Lsfr2                          sfr2         00000
__Lsfr20                         sfr20        00000
__Lsfr21                         sfr21        00000
__Lsfr22                         sfr22        00000
__Lsfr23                         sfr23        00000
__Lsfr24                         sfr24        00000
__Lsfr25                         sfr25        00000
__Lsfr26                         sfr26        00000
__Lsfr27                         sfr27        00000
__Lsfr28                         sfr28        00000
__Lsfr29                         sfr29        00000
__Lsfr3                          sfr3         00000
__Lsfr30                         sfr30        00000
__Lsfr31                         sfr31        00000
__Lsfr32                         sfr32        00000
__Lsfr33                         sfr33        00000
__Lsfr34                         sfr34        00000
__Lsfr35                         sfr35        00000
__Lsfr36                         sfr36        00000
__Lsfr37                         sfr37        00000
__Lsfr38                         sfr38        00000
__Lsfr39                         sfr39        00000
__Lsfr4                          sfr4         00000
__Lsfr40                         sfr40        00000
__Lsfr41                         sfr41        00000
__Lsfr42                         sfr42        00000
__Lsfr43                         sfr43        00000
__Lsfr44                         sfr44        00000
__Lsfr45                         sfr45        00000
__Lsfr46                         sfr46        00000
__Lsfr47                         sfr47        00000
__Lsfr48                         sfr48        00000
__Lsfr49                         sfr49        00000
__Lsfr5                          sfr5         00000
__Lsfr50                         sfr50        00000
__Lsfr51                         sfr51        00000
__Lsfr52                         sfr52        00000
__Lsfr53                         sfr53        00000
__Lsfr54                         sfr54        00000
__Lsfr55                         sfr55        00000
__Lsfr56                         sfr56        00000
__Lsfr57                         sfr57        00000
__Lsfr58                         sfr58        00000
__Lsfr59                         sfr59        00000
__Lsfr6                          sfr6         00000
__Lsfr60                         sfr60        00000
__Lsfr61                         sfr61        00000
__Lsfr62                         sfr62        00000
__Lsfr63                         sfr63        00000
__Lsfr7                          sfr7         00000
__Lsfr8                          sfr8         00000
__Lsfr9                          sfr9         00000
__Lspace_0                       (abs)        00000
__Lspace_1                       (abs)        00000
__Lspace_2                       (abs)        00000
__Lspace_3                       (abs)        00000
__Lspace_4                       (abs)        00000
__Lstack                         stack        00000
__Lstrings                       strings      00000
__Lstringtext1                   stringtext1  00000
__Lstringtext10                  stringtext10 00000
__Lstringtext11                  stringtext11 00000
__Lstringtext12                  stringtext12 00000
__Lstringtext13                  stringtext13 00000
__Lstringtext14                  stringtext14 00000
__Lstringtext15                  stringtext15 00000
__Lstringtext16                  stringtext16 00000
__Lstringtext2                   stringtext2  00000
__Lstringtext3                   stringtext3  00000
__Lstringtext4                   stringtext4  00000
__Lstringtext5                   stringtext5  00000
__Lstringtext6                   stringtext6  00000
__Lstringtext7                   stringtext7  00000
__Lstringtext8                   stringtext8  00000
__Lstringtext9                   stringtext9  00000
__Ltext                          text         00000
__S0                             (abs)        01000
__S1                             (abs)        000C0
__S2                             (abs)        00000
___int_sp                        stack        00000
___latbits                       (abs)        00001
___sp                            stack        00000
___stackhi                       (abs)        021EF
___stacklo                       (abs)        02070
__end_of_Lcd_Chr_CP              text17       00444
__end_of_Lcd_Cmd                 text21       003B1
__end_of_Lcd_Init                text20       0031F
__end_of_Lcd_Out2                text16       00E9C
__end_of_OSCILLATOR_Initialize   text19       00E02
__end_of_PIN_MANAGER_Initialize  text18       0001D
__end_of__initialization         cinit        007FD
__end_of_coctel_1                text8        00116
__end_of_coctel_2                text6        00195
__end_of_coctel_3                text5        00214
__end_of_coctel_4                text4        00293
__end_of_despedida               text3        01000
__end_of_fputc                   text12       00EEB
__end_of_main                    maintext     00F3E
__end_of_menu                    text2        00F9C
__end_of_putch                   text13       00006
__end_of_saludo                  text1        0050B
__end_of_secuencias_leds         text7        006E1
__end_of_secuencias_leds3        text15       007ED
__end_of_secuencias_leds4        text14       005E9
__end_of_sprintf                 text9        00E2B
__end_of_vfpfcnvrt               text11       00097
__end_of_vfprintf                text10       00E53
__initialization                 cinit        007ED
__pbssBANK0                      bssBANK0     00020
__pbssBANK1                      bssBANK1     000A0
__pcstackBANK0                   cstackBANK0  0003C
__pcstackCOMMON                  cstackCOMMON 00070
__pmaintext                      maintext     00EEB
__pstringtext1                   stringtext1  00800
__pstringtext10                  stringtext10 0089E
__pstringtext11                  stringtext11 008AC
__pstringtext12                  stringtext12 008B9
__pstringtext13                  stringtext13 008C4
__pstringtext14                  stringtext14 008CD
__pstringtext15                  stringtext15 008D5
__pstringtext16                  stringtext16 00000
__pstringtext2                   stringtext2  00815
__pstringtext3                   stringtext3  00829
__pstringtext4                   stringtext4  0083C
__pstringtext5                   stringtext5  0084E
__pstringtext6                   stringtext6  0085F
__pstringtext7                   stringtext7  00870
__pstringtext8                   stringtext8  00880
__pstringtext9                   stringtext9  0088F
__ptext1                         text1        00444
__ptext10                        text10       00E2B
__ptext11                        text11       0001D
__ptext12                        text12       00E9C
__ptext13                        text13       00005
__ptext14                        text14       0050B
__ptext15                        text15       006E1
__ptext16                        text16       00E53
__ptext17                        text17       003B1
__ptext18                        text18       00006
__ptext19                        text19       00DFD
__ptext2                         text2        00F3E
__ptext20                        text20       00293
__ptext21                        text21       0031F
__ptext3                         text3        00F9C
__ptext4                         text4        00214
__ptext5                         text5        00195
__ptext6                         text6        00116
__ptext7                         text7        005E9
__ptext8                         text8        00097
__ptext9                         text9        00E08
__size_of_Lcd_Chr_CP             (abs)        00000
__size_of_Lcd_Cmd                (abs)        00000
__size_of_Lcd_Init               (abs)        00000
__size_of_Lcd_Out2               (abs)        00000
__size_of_OSCILLATOR_Initialize  (abs)        00000
__size_of_PIN_MANAGER_Initialize (abs)        00000
__size_of_coctel_1               (abs)        00000
__size_of_coctel_2               (abs)        00000
__size_of_coctel_3               (abs)        00000
__size_of_coctel_4               (abs)        00000
__size_of_despedida              (abs)        00000
__size_of_fputc                  (abs)        00000
__size_of_main                   (abs)        00000
__size_of_menu                   (abs)        00000
__size_of_putch                  (abs)        00000
__size_of_saludo                 (abs)        00000
__size_of_secuencias_leds        (abs)        00000
__size_of_secuencias_leds3       (abs)        00000
__size_of_secuencias_leds4       (abs)        00000
__size_of_sprintf                (abs)        00000
__size_of_vfpfcnvrt              (abs)        00000
__size_of_vfprintf               (abs)        00000
_coctel_1                        text8        00097
_coctel_2                        text6        00116
_coctel_3                        text5        00195
_coctel_4                        text4        00214
_despedida                       text3        00F9C
_flags                           bssBANK0     00026
_fputc                           text12       00E9C
_main                            maintext     00EEB
_menu                            text2        00F3E
_nout                            bssBANK0     00020
_prec                            bssBANK0     00024
_putch                           text13       00005
_s                               bssBANK0     00028
_saludo                          text1        00444
_secuencias_leds                 text7        005E9
_secuencias_leds3                text15       006E1
_secuencias_leds4                text14       0050B
_sprintf                         text9        00E08
_vfpfcnvrt                       text11       0001D
_vfprintf                        text10       00E2B
_width                           bssBANK0     00022
btemp                            (abs)        0007E
clear_ram0                       clrtext      00E02
end_of_initialization            cinit        007FD
fputc@c                          cstackCOMMON 00070
fputc@fp                         cstackCOMMON 00072
intlevel0                        functab      00000
intlevel1                        functab      00000
intlevel2                        functab      00000
intlevel3                        functab      00000
intlevel4                        functab      00000
intlevel5                        functab      00000
reset_vec                        reset_vec    00000
secuencias_leds3@i               cstackCOMMON 00071
secuencias_leds4@i               cstackCOMMON 00071
secuencias_leds@i                cstackCOMMON 00071
sprintf@ap                       cstackBANK0  00049
sprintf@f                        cstackBANK0  0004A
sprintf@fmt                      cstackBANK0  00046
sprintf@s                        cstackBANK0  0004F
start                            init         00002
start_initialization             cinit        007ED
vfpfcnvrt@ap                     cstackCOMMON 00079
vfpfcnvrt@fmt                    cstackCOMMON 00078
vfpfcnvrt@fp                     cstackCOMMON 0007A
vfprintf@ap                      cstackCOMMON 0007D
vfprintf@cfmt                    cstackBANK0  00044
vfprintf@fmt                     cstackCOMMON 0007B
vfprintf@fp                      cstackBANK0  00043
wtemp0                           (abs)        0007E


MODULE INFORMATION

Module		Function		Class		Link	Load	Size
C:\Program Files\Microchip\xc8\v2.32\pic\sources\c99\common\nf_sprintf.c
		_sprintf       		CODE           	0E08	0000	35

C:\Program Files\Microchip\xc8\v2.32\pic\sources\c99\common\nf_sprintf.c estimated size: 35

C:\Program Files\Microchip\xc8\v2.32\pic\sources\c99\common\doprnt.c
		_vfpfcnvrt     		CODE           	001D	0000	122
		_vfprintf      		CODE           	0E2B	0000	40

C:\Program Files\Microchip\xc8\v2.32\pic\sources\c99\common\doprnt.c estimated size: 162

./flex_lcd.h
		_Lcd_Init      		CODE           	0293	0000	140
		_Lcd_Out2      		CODE           	0E53	0000	73
		_Lcd_Chr_CP    		CODE           	03B1	0000	147
		_Lcd_Cmd       		CODE           	031F	0000	146

./flex_lcd.h estimated size: 506

C:\Program Files\Microchip\xc8\v2.32\pic\sources\c99\common\putch.c
		_putch         		CODE           	0005	0000	1

C:\Program Files\Microchip\xc8\v2.32\pic\sources\c99\common\putch.c estimated size: 1

shared
		__initialization		CODE           	07ED	0000	16

shared estimated size: 16

C:\Program Files\Microchip\xc8\v2.32\pic\sources\c99\common\nf_fputc.c
		_fputc         		CODE           	0E9C	0000	79

C:\Program Files\Microchip\xc8\v2.32\pic\sources\c99\common\nf_fputc.c estimated size: 79

main.c
		_PIN_MANAGER_Initialize		CODE           	0006	0000	23
		_menu          		CODE           	0F3E	0000	94
		_main          		CODE           	0EEB	0000	83
		_saludo        		CODE           	0444	0000	199
		_coctel_1      		CODE           	0097	0000	127
		_coctel_2      		CODE           	0116	0000	127
		_coctel_3      		CODE           	0195	0000	127
		_coctel_4      		CODE           	0214	0000	127
		_OSCILLATOR_Initialize		CODE           	0DFD	0000	5
		_secuencias_leds		CODE           	05E9	0000	248
		_despedida     		CODE           	0F9C	0000	100
		_secuencias_leds3		CODE           	06E1	0000	268
		_secuencias_leds4		CODE           	050B	0000	222

main.c estimated size: 1750

